[INFO] Scanning for projects...
[INFO] 
[INFO] --------------------------< fptu.sba301:ats >---------------------------
[INFO] Building ats 0.0.1-SNAPSHOT
[INFO]   from pom.xml
[INFO] --------------------------------[ jar ]---------------------------------
[INFO] 
[INFO] --- resources:3.3.1:resources (default-resources) @ ats ---
[INFO] Copying 1 resource from src\main\resources to target\classes
[INFO] Copying 0 resource from src\main\resources to target\classes
[INFO] 
[INFO] --- compiler:3.14.1:compile (default-compile) @ ats ---
[INFO] Recompiling the module because of changed source code.
[INFO] Compiling 129 source files with javac [debug parameters release 21] to target\classes
[INFO] -------------------------------------------------------------
[WARNING] COMPILATION WARNING : 
[INFO] -------------------------------------------------------------
[WARNING] /C:/Users/Tranh/Desktop/Workspace/FPT/FPT_KI5/SBA201/Group Project/applicant-tracking-system/backend/src/main/java/fptu/sba301/ats/entity/RefreshToken.java:[43,21] @Builder will ignore the initializing expression entirely. If you want the initializing expression to serve as default, add @Builder.Default. If it is not supposed to be settable during building, make the field final.
[WARNING] /C:/Users/Tranh/Desktop/Workspace/FPT/FPT_KI5/SBA201/Group Project/applicant-tracking-system/backend/src/main/java/fptu/sba301/ats/entity/User.java:[48,21] @Builder will ignore the initializing expression entirely. If you want the initializing expression to serve as default, add @Builder.Default. If it is not supposed to be settable during building, make the field final.
[WARNING] /C:/Users/Tranh/Desktop/Workspace/FPT/FPT_KI5/SBA201/Group Project/applicant-tracking-system/backend/src/main/java/fptu/sba301/ats/entity/User.java:[51,21] @Builder will ignore the initializing expression entirely. If you want the initializing expression to serve as default, add @Builder.Default. If it is not supposed to be settable during building, make the field final.
[WARNING] /C:/Users/Tranh/Desktop/Workspace/FPT/FPT_KI5/SBA201/Group Project/applicant-tracking-system/backend/src/main/java/fptu/sba301/ats/entity/User.java:[54,21] @Builder will ignore the initializing expression entirely. If you want the initializing expression to serve as default, add @Builder.Default. If it is not supposed to be settable during building, make the field final.
[INFO] 4 warnings 
[INFO] -------------------------------------------------------------
[INFO] -------------------------------------------------------------
[ERROR] COMPILATION ERROR : 
[INFO] -------------------------------------------------------------
[ERROR] /C:/Users/Tranh/Desktop/Workspace/FPT/FPT_KI5/SBA201/Group Project/applicant-tracking-system/backend/src/main/java/fptu/sba301/ats/service/impl/OfferServiceImpl.java:[45,43] cannot find symbol
  symbol:   variable ApplicationStatus
  location: class fptu.sba301.ats.service.impl.OfferServiceImpl
[INFO] 1 error
[INFO] -------------------------------------------------------------
[INFO] ------------------------------------------------------------------------
[INFO] BUILD FAILURE
[INFO] ------------------------------------------------------------------------
[INFO] Total time:  18.666 s
[INFO] Finished at: 2026-03-23T08:31:47+07:00
[INFO] ------------------------------------------------------------------------
[ERROR] Failed to execute goal org.apache.maven.plugins:maven-compiler-plugin:3.14.1:compile (default-compile) on project ats: Compilation failure
[ERROR] /C:/Users/Tranh/Desktop/Workspace/FPT/FPT_KI5/SBA201/Group Project/applicant-tracking-system/backend/src/main/java/fptu/sba301/ats/service/impl/OfferServiceImpl.java:[45,43] cannot find symbol
[ERROR]   symbol:   variable ApplicationStatus
[ERROR]   location: class fptu.sba301.ats.service.impl.OfferServiceImpl
[ERROR] 
[ERROR] -> [Help 1]
[ERROR] 
[ERROR] To see the full stack trace of the errors, re-run Maven with the -e switch.
[ERROR] Re-run Maven using the -X switch to enable full debug logging.
[ERROR] 
[ERROR] For more information about the errors and possible solutions, please read the following articles:
[ERROR] [Help 1] http://cwiki.apache.org/confluence/display/MAVEN/MojoFailureException
