
[ERROR] COMPILATION 
ERROR : 
[ERROR] 
/C:/Users/LEGION 5 PRO
/OneDrive/Desktop/1_SB
A301/Gr project/applic
ant-tracking-system/ba
ckend/src/main/java/fp
tu/sba301/ats/service/
impl/RefreshTokenServi
ceImpl.java:[37,53] 
incompatible types: 
java.time.Instant 
cannot be converted 
to java.time.LocalDate
Time
[ERROR] Failed to 
execute goal org.apach
e.maven.plugins:maven-
compiler-plugin:3.14.1
:compile 
(default-compile) on 
project ats: 
Compilation failure
[ERROR] 
/C:/Users/LEGION 5 PRO
/OneDrive/Desktop/1_SB
A301/Gr project/applic
ant-tracking-system/ba
ckend/src/main/java/fp
tu/sba301/ats/service/
impl/RefreshTokenServi
ceImpl.java:[37,53] 
incompatible types: 
java.time.Instant 
cannot be converted 
to java.time.LocalDate
Time
[ERROR] 
[ERROR] -> [Help 1]
[ERROR] 
[ERROR] To see the 
full stack trace of 
the errors, re-run 
Maven with the -e 
switch.
[ERROR] Re-run Maven 
using the -X switch 
to enable full debug 
logging.
[ERROR] 
[ERROR] For more 
information about the 
errors and possible 
solutions, please 
read the following 
articles:
[ERROR] [Help 1] http:
//cwiki.apache.org/con
fluence/display/MAVEN/
MojoFailureException


